Error at PulseOx_SmartAlarm_Logic.aadl:7: Missing the required output rate specification.
<edu.ksu.cis.projects.mdcf.aadltranslator.model.SystemModel>
  <name>PulseOx_SmartAlarmSystem</name>
  <logicComponents>
    <entry>
      <string>appDisplay</string>
      <edu.ksu.cis.projects.mdcf.aadltranslator.model.ProcessModel>
        <name>PulseOx_SmartAlarm_Display_Process</name>
        <ports/>
        <tasks/>
        <globals/>
        <methods/>
      </edu.ksu.cis.projects.mdcf.aadltranslator.model.ProcessModel>
    </entry>
    <entry>
      <string>appLogic</string>
      <edu.ksu.cis.projects.mdcf.aadltranslator.model.ProcessModel>
        <name>PulseOx_SmartAlarm_Process</name>
        <ports/>
        <tasks/>
        <kind>LOGIC</kind>
        <globals/>
        <methods/>
      </edu.ksu.cis.projects.mdcf.aadltranslator.model.ProcessModel>
    </entry>
  </logicComponents>
  <devices>
    <entry>
      <string>pulseOx</string>
      <edu.ksu.cis.projects.mdcf.aadltranslator.model.DeviceModel>
        <name>PulseOx</name>
        <ports/>
        <tasks/>
        <kind>PSEUDODEVICE</kind>
      </edu.ksu.cis.projects.mdcf.aadltranslator.model.DeviceModel>
    </entry>
  </devices>
  <channels>
    <edu.ksu.cis.projects.mdcf.aadltranslator.model.ConnectionModel>
      <publisher class="edu.ksu.cis.projects.mdcf.aadltranslator.model.DeviceModel" reference="../../../devices/entry/edu.ksu.cis.projects.mdcf.aadltranslator.model.DeviceModel"/>
      <subscriber class="edu.ksu.cis.projects.mdcf.aadltranslator.model.ProcessModel" reference="../../../logicComponents/entry[2]/edu.ksu.cis.projects.mdcf.aadltranslator.model.ProcessModel"/>
      <devicePublished>true</devicePublished>
      <deviceSubscribed>false</deviceSubscribed>
      <pubName>pulseOx</pubName>
      <subName>appLogic</subName>
      <pubPortName>SpO2</pubPortName>
      <subPortName>SpO2</subPortName>
      <channelDelay>100</channelDelay>
    </edu.ksu.cis.projects.mdcf.aadltranslator.model.ConnectionModel>
    <edu.ksu.cis.projects.mdcf.aadltranslator.model.ConnectionModel>
      <publisher class="edu.ksu.cis.projects.mdcf.aadltranslator.model.DeviceModel" reference="../../../devices/entry/edu.ksu.cis.projects.mdcf.aadltranslator.model.DeviceModel"/>
      <subscriber class="edu.ksu.cis.projects.mdcf.aadltranslator.model.ProcessModel" reference="../../../logicComponents/entry/edu.ksu.cis.projects.mdcf.aadltranslator.model.ProcessModel"/>
      <devicePublished>true</devicePublished>
      <deviceSubscribed>false</deviceSubscribed>
      <pubName>pulseOx</pubName>
      <subName>appDisplay</subName>
      <pubPortName>SpO2</pubPortName>
      <subPortName>SpO2</subPortName>
      <channelDelay>100</channelDelay>
    </edu.ksu.cis.projects.mdcf.aadltranslator.model.ConnectionModel>
    <edu.ksu.cis.projects.mdcf.aadltranslator.model.ConnectionModel>
      <publisher class="edu.ksu.cis.projects.mdcf.aadltranslator.model.DeviceModel" reference="../../../devices/entry/edu.ksu.cis.projects.mdcf.aadltranslator.model.DeviceModel"/>
      <subscriber class="edu.ksu.cis.projects.mdcf.aadltranslator.model.ProcessModel" reference="../../../logicComponents/entry[2]/edu.ksu.cis.projects.mdcf.aadltranslator.model.ProcessModel"/>
      <devicePublished>true</devicePublished>
      <deviceSubscribed>false</deviceSubscribed>
      <pubName>pulseOx</pubName>
      <subName>appLogic</subName>
      <pubPortName>PulseRate</pubPortName>
      <subPortName>PulseRate</subPortName>
      <channelDelay>100</channelDelay>
    </edu.ksu.cis.projects.mdcf.aadltranslator.model.ConnectionModel>
    <edu.ksu.cis.projects.mdcf.aadltranslator.model.ConnectionModel>
      <publisher class="edu.ksu.cis.projects.mdcf.aadltranslator.model.DeviceModel" reference="../../../devices/entry/edu.ksu.cis.projects.mdcf.aadltranslator.model.DeviceModel"/>
      <subscriber class="edu.ksu.cis.projects.mdcf.aadltranslator.model.ProcessModel" reference="../../../logicComponents/entry/edu.ksu.cis.projects.mdcf.aadltranslator.model.ProcessModel"/>
      <devicePublished>true</devicePublished>
      <deviceSubscribed>false</deviceSubscribed>
      <pubName>pulseOx</pubName>
      <subName>appDisplay</subName>
      <pubPortName>PulseRate</pubPortName>
      <subPortName>PulseRate</subPortName>
      <channelDelay>100</channelDelay>
    </edu.ksu.cis.projects.mdcf.aadltranslator.model.ConnectionModel>
    <edu.ksu.cis.projects.mdcf.aadltranslator.model.ConnectionModel>
      <publisher class="edu.ksu.cis.projects.mdcf.aadltranslator.model.DeviceModel" reference="../../../devices/entry/edu.ksu.cis.projects.mdcf.aadltranslator.model.DeviceModel"/>
      <subscriber class="edu.ksu.cis.projects.mdcf.aadltranslator.model.ProcessModel" reference="../../../logicComponents/entry[2]/edu.ksu.cis.projects.mdcf.aadltranslator.model.ProcessModel"/>
      <devicePublished>true</devicePublished>
      <deviceSubscribed>false</deviceSubscribed>
      <pubName>pulseOx</pubName>
      <subName>appLogic</subName>
      <pubPortName>SpO2_LowerLimit_Violated</pubPortName>
      <subPortName>SpO2_LowerLimit_Violated</subPortName>
      <channelDelay>100</channelDelay>
    </edu.ksu.cis.projects.mdcf.aadltranslator.model.ConnectionModel>
    <edu.ksu.cis.projects.mdcf.aadltranslator.model.ConnectionModel>
      <publisher class="edu.ksu.cis.projects.mdcf.aadltranslator.model.DeviceModel" reference="../../../devices/entry/edu.ksu.cis.projects.mdcf.aadltranslator.model.DeviceModel"/>
      <subscriber class="edu.ksu.cis.projects.mdcf.aadltranslator.model.ProcessModel" reference="../../../logicComponents/entry/edu.ksu.cis.projects.mdcf.aadltranslator.model.ProcessModel"/>
      <devicePublished>true</devicePublished>
      <deviceSubscribed>false</deviceSubscribed>
      <pubName>pulseOx</pubName>
      <subName>appDisplay</subName>
      <pubPortName>SpO2_LowerLimit_Violated</pubPortName>
      <subPortName>SpO2_LowerLimit_Violated</subPortName>
      <channelDelay>100</channelDelay>
    </edu.ksu.cis.projects.mdcf.aadltranslator.model.ConnectionModel>
    <edu.ksu.cis.projects.mdcf.aadltranslator.model.ConnectionModel>
      <publisher class="edu.ksu.cis.projects.mdcf.aadltranslator.model.DeviceModel" reference="../../../devices/entry/edu.ksu.cis.projects.mdcf.aadltranslator.model.DeviceModel"/>
      <subscriber class="edu.ksu.cis.projects.mdcf.aadltranslator.model.ProcessModel" reference="../../../logicComponents/entry[2]/edu.ksu.cis.projects.mdcf.aadltranslator.model.ProcessModel"/>
      <devicePublished>true</devicePublished>
      <deviceSubscribed>false</deviceSubscribed>
      <pubName>pulseOx</pubName>
      <subName>appLogic</subName>
      <pubPortName>PulseRate_LowerLimit_Violated</pubPortName>
      <subPortName>PulseRate_LowerLimit_Violated</subPortName>
      <channelDelay>100</channelDelay>
    </edu.ksu.cis.projects.mdcf.aadltranslator.model.ConnectionModel>
    <edu.ksu.cis.projects.mdcf.aadltranslator.model.ConnectionModel>
      <publisher class="edu.ksu.cis.projects.mdcf.aadltranslator.model.DeviceModel" reference="../../../devices/entry/edu.ksu.cis.projects.mdcf.aadltranslator.model.DeviceModel"/>
      <subscriber class="edu.ksu.cis.projects.mdcf.aadltranslator.model.ProcessModel" reference="../../../logicComponents/entry/edu.ksu.cis.projects.mdcf.aadltranslator.model.ProcessModel"/>
      <devicePublished>true</devicePublished>
      <deviceSubscribed>false</deviceSubscribed>
      <pubName>pulseOx</pubName>
      <subName>appDisplay</subName>
      <pubPortName>PulseRate_LowerLimit_Violated</pubPortName>
      <subPortName>PulseRate_LowerLimit_Violated</subPortName>
      <channelDelay>100</channelDelay>
    </edu.ksu.cis.projects.mdcf.aadltranslator.model.ConnectionModel>
    <edu.ksu.cis.projects.mdcf.aadltranslator.model.ConnectionModel>
      <publisher class="edu.ksu.cis.projects.mdcf.aadltranslator.model.DeviceModel" reference="../../../devices/entry/edu.ksu.cis.projects.mdcf.aadltranslator.model.DeviceModel"/>
      <subscriber class="edu.ksu.cis.projects.mdcf.aadltranslator.model.ProcessModel" reference="../../../logicComponents/entry[2]/edu.ksu.cis.projects.mdcf.aadltranslator.model.ProcessModel"/>
      <devicePublished>true</devicePublished>
      <deviceSubscribed>false</deviceSubscribed>
      <pubName>pulseOx</pubName>
      <subName>appLogic</subName>
      <pubPortName>PulseRate_UpperLimit_Violated</pubPortName>
      <subPortName>PulseRate_UpperLimit_Violated</subPortName>
      <channelDelay>100</channelDelay>
    </edu.ksu.cis.projects.mdcf.aadltranslator.model.ConnectionModel>
    <edu.ksu.cis.projects.mdcf.aadltranslator.model.ConnectionModel>
      <publisher class="edu.ksu.cis.projects.mdcf.aadltranslator.model.DeviceModel" reference="../../../devices/entry/edu.ksu.cis.projects.mdcf.aadltranslator.model.DeviceModel"/>
      <subscriber class="edu.ksu.cis.projects.mdcf.aadltranslator.model.ProcessModel" reference="../../../logicComponents/entry/edu.ksu.cis.projects.mdcf.aadltranslator.model.ProcessModel"/>
      <devicePublished>true</devicePublished>
      <deviceSubscribed>false</deviceSubscribed>
      <pubName>pulseOx</pubName>
      <subName>appDisplay</subName>
      <pubPortName>PulseRate_UpperLimit_Violated</pubPortName>
      <subPortName>PulseRate_UpperLimit_Violated</subPortName>
      <channelDelay>100</channelDelay>
    </edu.ksu.cis.projects.mdcf.aadltranslator.model.ConnectionModel>
    <edu.ksu.cis.projects.mdcf.aadltranslator.model.ConnectionModel>
      <publisher class="edu.ksu.cis.projects.mdcf.aadltranslator.model.DeviceModel" reference="../../../devices/entry/edu.ksu.cis.projects.mdcf.aadltranslator.model.DeviceModel"/>
      <subscriber class="edu.ksu.cis.projects.mdcf.aadltranslator.model.ProcessModel" reference="../../../logicComponents/entry[2]/edu.ksu.cis.projects.mdcf.aadltranslator.model.ProcessModel"/>
      <devicePublished>true</devicePublished>
      <deviceSubscribed>false</deviceSubscribed>
      <pubName>pulseOx</pubName>
      <subName>appLogic</subName>
      <pubPortName>ProbeOff_Alarm</pubPortName>
      <subPortName>ProbeOff_Alarm</subPortName>
      <channelDelay>100</channelDelay>
    </edu.ksu.cis.projects.mdcf.aadltranslator.model.ConnectionModel>
    <edu.ksu.cis.projects.mdcf.aadltranslator.model.ConnectionModel>
      <publisher class="edu.ksu.cis.projects.mdcf.aadltranslator.model.DeviceModel" reference="../../../devices/entry/edu.ksu.cis.projects.mdcf.aadltranslator.model.DeviceModel"/>
      <subscriber class="edu.ksu.cis.projects.mdcf.aadltranslator.model.ProcessModel" reference="../../../logicComponents/entry/edu.ksu.cis.projects.mdcf.aadltranslator.model.ProcessModel"/>
      <devicePublished>true</devicePublished>
      <deviceSubscribed>false</deviceSubscribed>
      <pubName>pulseOx</pubName>
      <subName>appDisplay</subName>
      <pubPortName>ProbeOff_Alarm</pubPortName>
      <subPortName>ProbeOff_Alarm</subPortName>
      <channelDelay>100</channelDelay>
    </edu.ksu.cis.projects.mdcf.aadltranslator.model.ConnectionModel>
    <edu.ksu.cis.projects.mdcf.aadltranslator.model.ConnectionModel>
      <publisher class="edu.ksu.cis.projects.mdcf.aadltranslator.model.DeviceModel" reference="../../../devices/entry/edu.ksu.cis.projects.mdcf.aadltranslator.model.DeviceModel"/>
      <subscriber class="edu.ksu.cis.projects.mdcf.aadltranslator.model.ProcessModel" reference="../../../logicComponents/entry[2]/edu.ksu.cis.projects.mdcf.aadltranslator.model.ProcessModel"/>
      <devicePublished>true</devicePublished>
      <deviceSubscribed>false</deviceSubscribed>
      <pubName>pulseOx</pubName>
      <subName>appLogic</subName>
      <pubPortName>MotionArtifact_Alarm</pubPortName>
      <subPortName>ProbeOff_Alarm</subPortName>
      <channelDelay>100</channelDelay>
    </edu.ksu.cis.projects.mdcf.aadltranslator.model.ConnectionModel>
    <edu.ksu.cis.projects.mdcf.aadltranslator.model.ConnectionModel>
      <publisher class="edu.ksu.cis.projects.mdcf.aadltranslator.model.DeviceModel" reference="../../../devices/entry/edu.ksu.cis.projects.mdcf.aadltranslator.model.DeviceModel"/>
      <subscriber class="edu.ksu.cis.projects.mdcf.aadltranslator.model.ProcessModel" reference="../../../logicComponents/entry/edu.ksu.cis.projects.mdcf.aadltranslator.model.ProcessModel"/>
      <devicePublished>true</devicePublished>
      <deviceSubscribed>false</deviceSubscribed>
      <pubName>pulseOx</pubName>
      <subName>appDisplay</subName>
      <pubPortName>MotionArtifact_Alarm</pubPortName>
      <subPortName>ProbeOff_Alarm</subPortName>
      <channelDelay>100</channelDelay>
    </edu.ksu.cis.projects.mdcf.aadltranslator.model.ConnectionModel>
    <edu.ksu.cis.projects.mdcf.aadltranslator.model.ConnectionModel>
      <publisher class="edu.ksu.cis.projects.mdcf.aadltranslator.model.DeviceModel" reference="../../../devices/entry/edu.ksu.cis.projects.mdcf.aadltranslator.model.DeviceModel"/>
      <subscriber class="edu.ksu.cis.projects.mdcf.aadltranslator.model.ProcessModel" reference="../../../logicComponents/entry[2]/edu.ksu.cis.projects.mdcf.aadltranslator.model.ProcessModel"/>
      <devicePublished>true</devicePublished>
      <deviceSubscribed>false</deviceSubscribed>
      <pubName>pulseOx</pubName>
      <subName>appLogic</subName>
      <pubPortName>SpO2_LowerLimit_Out</pubPortName>
      <subPortName>SpO2_LowerLimit_Device_In</subPortName>
      <channelDelay>100</channelDelay>
    </edu.ksu.cis.projects.mdcf.aadltranslator.model.ConnectionModel>
    <edu.ksu.cis.projects.mdcf.aadltranslator.model.ConnectionModel>
      <publisher class="edu.ksu.cis.projects.mdcf.aadltranslator.model.DeviceModel" reference="../../../devices/entry/edu.ksu.cis.projects.mdcf.aadltranslator.model.DeviceModel"/>
      <subscriber class="edu.ksu.cis.projects.mdcf.aadltranslator.model.ProcessModel" reference="../../../logicComponents/entry/edu.ksu.cis.projects.mdcf.aadltranslator.model.ProcessModel"/>
      <devicePublished>true</devicePublished>
      <deviceSubscribed>false</deviceSubscribed>
      <pubName>pulseOx</pubName>
      <subName>appDisplay</subName>
      <pubPortName>SpO2_LowerLimit_Out</pubPortName>
      <subPortName>SpO2_LowerLimit_In</subPortName>
      <channelDelay>100</channelDelay>
    </edu.ksu.cis.projects.mdcf.aadltranslator.model.ConnectionModel>
    <edu.ksu.cis.projects.mdcf.aadltranslator.model.ConnectionModel>
      <publisher class="edu.ksu.cis.projects.mdcf.aadltranslator.model.DeviceModel" reference="../../../devices/entry/edu.ksu.cis.projects.mdcf.aadltranslator.model.DeviceModel"/>
      <subscriber class="edu.ksu.cis.projects.mdcf.aadltranslator.model.ProcessModel" reference="../../../logicComponents/entry[2]/edu.ksu.cis.projects.mdcf.aadltranslator.model.ProcessModel"/>
      <devicePublished>true</devicePublished>
      <deviceSubscribed>false</deviceSubscribed>
      <pubName>pulseOx</pubName>
      <subName>appLogic</subName>
      <pubPortName>PulseRate_LowerLimit_Out</pubPortName>
      <subPortName>PulseRate_LowerLimit_Device_In</subPortName>
      <channelDelay>100</channelDelay>
    </edu.ksu.cis.projects.mdcf.aadltranslator.model.ConnectionModel>
    <edu.ksu.cis.projects.mdcf.aadltranslator.model.ConnectionModel>
      <publisher class="edu.ksu.cis.projects.mdcf.aadltranslator.model.DeviceModel" reference="../../../devices/entry/edu.ksu.cis.projects.mdcf.aadltranslator.model.DeviceModel"/>
      <subscriber class="edu.ksu.cis.projects.mdcf.aadltranslator.model.ProcessModel" reference="../../../logicComponents/entry/edu.ksu.cis.projects.mdcf.aadltranslator.model.ProcessModel"/>
      <devicePublished>true</devicePublished>
      <deviceSubscribed>false</deviceSubscribed>
      <pubName>pulseOx</pubName>
      <subName>appDisplay</subName>
      <pubPortName>PulseRate_LowerLimit_Out</pubPortName>
      <subPortName>PulseRate_LowerLimit_In</subPortName>
      <channelDelay>100</channelDelay>
    </edu.ksu.cis.projects.mdcf.aadltranslator.model.ConnectionModel>
    <edu.ksu.cis.projects.mdcf.aadltranslator.model.ConnectionModel>
      <publisher class="edu.ksu.cis.projects.mdcf.aadltranslator.model.DeviceModel" reference="../../../devices/entry/edu.ksu.cis.projects.mdcf.aadltranslator.model.DeviceModel"/>
      <subscriber class="edu.ksu.cis.projects.mdcf.aadltranslator.model.ProcessModel" reference="../../../logicComponents/entry[2]/edu.ksu.cis.projects.mdcf.aadltranslator.model.ProcessModel"/>
      <devicePublished>true</devicePublished>
      <deviceSubscribed>false</deviceSubscribed>
      <pubName>pulseOx</pubName>
      <subName>appLogic</subName>
      <pubPortName>PulseRate_UpperLimit_Out</pubPortName>
      <subPortName>PulseRate_UpperLimit_Device_In</subPortName>
      <channelDelay>100</channelDelay>
    </edu.ksu.cis.projects.mdcf.aadltranslator.model.ConnectionModel>
    <edu.ksu.cis.projects.mdcf.aadltranslator.model.ConnectionModel>
      <publisher class="edu.ksu.cis.projects.mdcf.aadltranslator.model.DeviceModel" reference="../../../devices/entry/edu.ksu.cis.projects.mdcf.aadltranslator.model.DeviceModel"/>
      <subscriber class="edu.ksu.cis.projects.mdcf.aadltranslator.model.ProcessModel" reference="../../../logicComponents/entry/edu.ksu.cis.projects.mdcf.aadltranslator.model.ProcessModel"/>
      <devicePublished>true</devicePublished>
      <deviceSubscribed>false</deviceSubscribed>
      <pubName>pulseOx</pubName>
      <subName>appDisplay</subName>
      <pubPortName>PulseRate_UpperLimit_Out</pubPortName>
      <subPortName>PulseRate_UpperLimit_In</subPortName>
      <channelDelay>100</channelDelay>
    </edu.ksu.cis.projects.mdcf.aadltranslator.model.ConnectionModel>
    <edu.ksu.cis.projects.mdcf.aadltranslator.model.ConnectionModel>
      <publisher class="edu.ksu.cis.projects.mdcf.aadltranslator.model.ProcessModel" reference="../../../logicComponents/entry/edu.ksu.cis.projects.mdcf.aadltranslator.model.ProcessModel"/>
      <subscriber class="edu.ksu.cis.projects.mdcf.aadltranslator.model.ProcessModel" reference="../../../logicComponents/entry[2]/edu.ksu.cis.projects.mdcf.aadltranslator.model.ProcessModel"/>
      <devicePublished>false</devicePublished>
      <deviceSubscribed>false</deviceSubscribed>
      <pubName>appDisplay</pubName>
      <subName>appLogic</subName>
      <pubPortName>SpO2_LowerLimit_Out</pubPortName>
      <subPortName>SpO2_LowerLimit_Display_In</subPortName>
      <channelDelay>100</channelDelay>
    </edu.ksu.cis.projects.mdcf.aadltranslator.model.ConnectionModel>
    <edu.ksu.cis.projects.mdcf.aadltranslator.model.ConnectionModel>
      <publisher class="edu.ksu.cis.projects.mdcf.aadltranslator.model.ProcessModel" reference="../../../logicComponents/entry/edu.ksu.cis.projects.mdcf.aadltranslator.model.ProcessModel"/>
      <subscriber class="edu.ksu.cis.projects.mdcf.aadltranslator.model.DeviceModel" reference="../../../devices/entry/edu.ksu.cis.projects.mdcf.aadltranslator.model.DeviceModel"/>
      <devicePublished>false</devicePublished>
      <deviceSubscribed>true</deviceSubscribed>
      <pubName>appDisplay</pubName>
      <subName>pulseOx</subName>
      <pubPortName>SpO2_LowerLimit_Out</pubPortName>
      <subPortName>SpO2_LowerLimit_In</subPortName>
      <channelDelay>100</channelDelay>
    </edu.ksu.cis.projects.mdcf.aadltranslator.model.ConnectionModel>
    <edu.ksu.cis.projects.mdcf.aadltranslator.model.ConnectionModel>
      <publisher class="edu.ksu.cis.projects.mdcf.aadltranslator.model.ProcessModel" reference="../../../logicComponents/entry/edu.ksu.cis.projects.mdcf.aadltranslator.model.ProcessModel"/>
      <subscriber class="edu.ksu.cis.projects.mdcf.aadltranslator.model.ProcessModel" reference="../../../logicComponents/entry[2]/edu.ksu.cis.projects.mdcf.aadltranslator.model.ProcessModel"/>
      <devicePublished>false</devicePublished>
      <deviceSubscribed>false</deviceSubscribed>
      <pubName>appDisplay</pubName>
      <subName>appLogic</subName>
      <pubPortName>PulseRate_LowerLimit_Out</pubPortName>
      <subPortName>PulseRate_LowerLimit_Display_In</subPortName>
      <channelDelay>100</channelDelay>
    </edu.ksu.cis.projects.mdcf.aadltranslator.model.ConnectionModel>
    <edu.ksu.cis.projects.mdcf.aadltranslator.model.ConnectionModel>
      <publisher class="edu.ksu.cis.projects.mdcf.aadltranslator.model.ProcessModel" reference="../../../logicComponents/entry/edu.ksu.cis.projects.mdcf.aadltranslator.model.ProcessModel"/>
      <subscriber class="edu.ksu.cis.projects.mdcf.aadltranslator.model.DeviceModel" reference="../../../devices/entry/edu.ksu.cis.projects.mdcf.aadltranslator.model.DeviceModel"/>
      <devicePublished>false</devicePublished>
      <deviceSubscribed>true</deviceSubscribed>
      <pubName>appDisplay</pubName>
      <subName>pulseOx</subName>
      <pubPortName>PulseRate_LowerLimit_Out</pubPortName>
      <subPortName>PulseRate_LowerLimit_In</subPortName>
      <channelDelay>100</channelDelay>
    </edu.ksu.cis.projects.mdcf.aadltranslator.model.ConnectionModel>
    <edu.ksu.cis.projects.mdcf.aadltranslator.model.ConnectionModel>
      <publisher class="edu.ksu.cis.projects.mdcf.aadltranslator.model.ProcessModel" reference="../../../logicComponents/entry/edu.ksu.cis.projects.mdcf.aadltranslator.model.ProcessModel"/>
      <subscriber class="edu.ksu.cis.projects.mdcf.aadltranslator.model.ProcessModel" reference="../../../logicComponents/entry[2]/edu.ksu.cis.projects.mdcf.aadltranslator.model.ProcessModel"/>
      <devicePublished>false</devicePublished>
      <deviceSubscribed>false</deviceSubscribed>
      <pubName>appDisplay</pubName>
      <subName>appLogic</subName>
      <pubPortName>PulseRate_UpperLimit_Out</pubPortName>
      <subPortName>PulseRate_UpperLimit_Display_In</subPortName>
      <channelDelay>100</channelDelay>
    </edu.ksu.cis.projects.mdcf.aadltranslator.model.ConnectionModel>
    <edu.ksu.cis.projects.mdcf.aadltranslator.model.ConnectionModel>
      <publisher class="edu.ksu.cis.projects.mdcf.aadltranslator.model.ProcessModel" reference="../../../logicComponents/entry/edu.ksu.cis.projects.mdcf.aadltranslator.model.ProcessModel"/>
      <subscriber class="edu.ksu.cis.projects.mdcf.aadltranslator.model.DeviceModel" reference="../../../devices/entry/edu.ksu.cis.projects.mdcf.aadltranslator.model.DeviceModel"/>
      <devicePublished>false</devicePublished>
      <deviceSubscribed>true</deviceSubscribed>
      <pubName>appDisplay</pubName>
      <subName>pulseOx</subName>
      <pubPortName>PulseRate_UpperLimit_Out</pubPortName>
      <subPortName>PulseRate_UpperLimit_In</subPortName>
      <channelDelay>100</channelDelay>
    </edu.ksu.cis.projects.mdcf.aadltranslator.model.ConnectionModel>
    <edu.ksu.cis.projects.mdcf.aadltranslator.model.ConnectionModel>
      <publisher class="edu.ksu.cis.projects.mdcf.aadltranslator.model.ProcessModel" reference="../../../logicComponents/entry[2]/edu.ksu.cis.projects.mdcf.aadltranslator.model.ProcessModel"/>
      <subscriber class="edu.ksu.cis.projects.mdcf.aadltranslator.model.ProcessModel" reference="../../../logicComponents/entry/edu.ksu.cis.projects.mdcf.aadltranslator.model.ProcessModel"/>
      <devicePublished>false</devicePublished>
      <deviceSubscribed>false</deviceSubscribed>
      <pubName>appLogic</pubName>
      <subName>appDisplay</subName>
      <pubPortName>SupplementalOxy_LowSpO2_Alarm</pubPortName>
      <subPortName>SupplementalOxy_LowSpO2_Alarm</subPortName>
      <channelDelay>100</channelDelay>
    </edu.ksu.cis.projects.mdcf.aadltranslator.model.ConnectionModel>
    <edu.ksu.cis.projects.mdcf.aadltranslator.model.ConnectionModel>
      <publisher class="edu.ksu.cis.projects.mdcf.aadltranslator.model.ProcessModel" reference="../../../logicComponents/entry[2]/edu.ksu.cis.projects.mdcf.aadltranslator.model.ProcessModel"/>
      <subscriber class="edu.ksu.cis.projects.mdcf.aadltranslator.model.ProcessModel" reference="../../../logicComponents/entry/edu.ksu.cis.projects.mdcf.aadltranslator.model.ProcessModel"/>
      <devicePublished>false</devicePublished>
      <deviceSubscribed>false</deviceSubscribed>
      <pubName>appLogic</pubName>
      <subName>appDisplay</subName>
      <pubPortName>RapidSpO2Decline_Alarm</pubPortName>
      <subPortName>RapidSpO2Decline_Alarm</subPortName>
      <channelDelay>100</channelDelay>
    </edu.ksu.cis.projects.mdcf.aadltranslator.model.ConnectionModel>
    <edu.ksu.cis.projects.mdcf.aadltranslator.model.ConnectionModel>
      <publisher class="edu.ksu.cis.projects.mdcf.aadltranslator.model.ProcessModel" reference="../../../logicComponents/entry[2]/edu.ksu.cis.projects.mdcf.aadltranslator.model.ProcessModel"/>
      <subscriber class="edu.ksu.cis.projects.mdcf.aadltranslator.model.ProcessModel" reference="../../../logicComponents/entry/edu.ksu.cis.projects.mdcf.aadltranslator.model.ProcessModel"/>
      <devicePublished>false</devicePublished>
      <deviceSubscribed>false</deviceSubscribed>
      <pubName>appLogic</pubName>
      <subName>appDisplay</subName>
      <pubPortName>SustainedMotionArtifact_Alarm</pubPortName>
      <subPortName>SustainedMotionArtifact_Alarm</subPortName>
      <channelDelay>100</channelDelay>
    </edu.ksu.cis.projects.mdcf.aadltranslator.model.ConnectionModel>
    <edu.ksu.cis.projects.mdcf.aadltranslator.model.ConnectionModel>
      <publisher class="edu.ksu.cis.projects.mdcf.aadltranslator.model.ProcessModel" reference="../../../logicComponents/entry/edu.ksu.cis.projects.mdcf.aadltranslator.model.ProcessModel"/>
      <subscriber class="edu.ksu.cis.projects.mdcf.aadltranslator.model.ProcessModel" reference="../../../logicComponents/entry[2]/edu.ksu.cis.projects.mdcf.aadltranslator.model.ProcessModel"/>
      <devicePublished>false</devicePublished>
      <deviceSubscribed>false</deviceSubscribed>
      <pubName>appDisplay</pubName>
      <subName>appLogic</subName>
      <pubPortName>SupplementalOxy_Enabled</pubPortName>
      <subPortName>SupplementalOxy_Enabled</subPortName>
      <channelDelay>100</channelDelay>
    </edu.ksu.cis.projects.mdcf.aadltranslator.model.ConnectionModel>
    <edu.ksu.cis.projects.mdcf.aadltranslator.model.ConnectionModel>
      <publisher class="edu.ksu.cis.projects.mdcf.aadltranslator.model.ProcessModel" reference="../../../logicComponents/entry/edu.ksu.cis.projects.mdcf.aadltranslator.model.ProcessModel"/>
      <subscriber class="edu.ksu.cis.projects.mdcf.aadltranslator.model.ProcessModel" reference="../../../logicComponents/entry[2]/edu.ksu.cis.projects.mdcf.aadltranslator.model.ProcessModel"/>
      <devicePublished>false</devicePublished>
      <deviceSubscribed>false</deviceSubscribed>
      <pubName>appDisplay</pubName>
      <subName>appLogic</subName>
      <pubPortName>SpO2LevelAdjustmentAmount</pubPortName>
      <subPortName>SpO2LevelAdjustmentAmount</subPortName>
      <channelDelay>100</channelDelay>
    </edu.ksu.cis.projects.mdcf.aadltranslator.model.ConnectionModel>
    <edu.ksu.cis.projects.mdcf.aadltranslator.model.ConnectionModel>
      <publisher class="edu.ksu.cis.projects.mdcf.aadltranslator.model.ProcessModel" reference="../../../logicComponents/entry/edu.ksu.cis.projects.mdcf.aadltranslator.model.ProcessModel"/>
      <subscriber class="edu.ksu.cis.projects.mdcf.aadltranslator.model.ProcessModel" reference="../../../logicComponents/entry[2]/edu.ksu.cis.projects.mdcf.aadltranslator.model.ProcessModel"/>
      <devicePublished>false</devicePublished>
      <deviceSubscribed>false</deviceSubscribed>
      <pubName>appDisplay</pubName>
      <subName>appLogic</subName>
      <pubPortName>RapidSpO2Decline_Enabled</pubPortName>
      <subPortName>RapidSpO2Decline_Enabled</subPortName>
      <channelDelay>100</channelDelay>
    </edu.ksu.cis.projects.mdcf.aadltranslator.model.ConnectionModel>
  </channels>
  <typeToComponent>
    <entry>
      <string>PulseOx_SmartAlarm_Process</string>
      <edu.ksu.cis.projects.mdcf.aadltranslator.model.ProcessModel reference="../../../logicComponents/entry[2]/edu.ksu.cis.projects.mdcf.aadltranslator.model.ProcessModel"/>
    </entry>
    <entry>
      <string>PulseOx_SmartAlarm_Display_Process</string>
      <edu.ksu.cis.projects.mdcf.aadltranslator.model.ProcessModel reference="../../../logicComponents/entry/edu.ksu.cis.projects.mdcf.aadltranslator.model.ProcessModel"/>
    </entry>
    <entry>
      <string>PulseOx</string>
      <edu.ksu.cis.projects.mdcf.aadltranslator.model.DeviceModel reference="../../../devices/entry/edu.ksu.cis.projects.mdcf.aadltranslator.model.DeviceModel"/>
    </entry>
  </typeToComponent>
</edu.ksu.cis.projects.mdcf.aadltranslator.model.SystemModel>