Error at PulseOx_Forwarding_Display.aadl:22: Thread dispatch type must either be set with Default_Thread_Dispatch (at package level) or with Thread_Properties::Dispatch_Protocol (on individual thread)
<edu.ksu.cis.projects.mdcf.aadltranslator.model.SystemModel>
  <name>PulseOx_Forwarding_System</name>
  <logicComponents>
    <entry>
      <string>appDisplay</string>
      <edu.ksu.cis.projects.mdcf.aadltranslator.model.ProcessModel>
        <name>PulseOx_Display_Process</name>
        <systemName>PulseOx_Forwarding_System</systemName>
        <ports>
          <entry>
            <string>SpO2</string>
            <edu.ksu.cis.projects.mdcf.aadltranslator.model.PortModel>
              <name>SpO2</name>
              <subscribe>true</subscribe>
              <category>EVENTDATA</category>
              <type>Integer</type>
              <minPeriod>100</minPeriod>
              <maxPeriod>300</maxPeriod>
            </edu.ksu.cis.projects.mdcf.aadltranslator.model.PortModel>
          </entry>
          <entry>
            <string>DerivedAlarm</string>
            <edu.ksu.cis.projects.mdcf.aadltranslator.model.PortModel>
              <name>DerivedAlarm</name>
              <subscribe>true</subscribe>
              <category>EVENT</category>
              <type>Object</type>
              <minPeriod>100</minPeriod>
              <maxPeriod>300</maxPeriod>
            </edu.ksu.cis.projects.mdcf.aadltranslator.model.PortModel>
          </entry>
        </ports>
        <tasks>
          <entry>
            <string>UpdateSpO2Thread</string>
            <edu.ksu.cis.projects.mdcf.aadltranslator.model.TaskModel>
              <name>UpdateSpO2Thread</name>
              <trigPortName>SpO2</trigPortName>
              <trigPortType>Integer</trigPortType>
              <trigPortLocalName>SpO2</trigPortLocalName>
              <incomingGlobals/>
              <outgoingGlobals/>
              <period>0</period>
              <deadline>0</deadline>
              <sporadic>false</sporadic>
              <eventTriggered>false</eventTriggered>
              <wcet>0</wcet>
              <callSequence/>
            </edu.ksu.cis.projects.mdcf.aadltranslator.model.TaskModel>
          </entry>
          <entry>
            <string>HandleAlarmThread</string>
            <edu.ksu.cis.projects.mdcf.aadltranslator.model.TaskModel>
              <name>HandleAlarmThread</name>
              <trigPortName>DerivedAlarm</trigPortName>
              <trigPortType>Object</trigPortType>
              <trigPortLocalName>Alarm</trigPortLocalName>
              <incomingGlobals/>
              <outgoingGlobals/>
              <period>0</period>
              <deadline>0</deadline>
              <sporadic>false</sporadic>
              <eventTriggered>true</eventTriggered>
              <wcet>0</wcet>
              <callSequence/>
            </edu.ksu.cis.projects.mdcf.aadltranslator.model.TaskModel>
          </entry>
        </tasks>
        <kind>DISPLAY</kind>
        <globals/>
        <methods/>
      </edu.ksu.cis.projects.mdcf.aadltranslator.model.ProcessModel>
    </entry>
    <entry>
      <string>appLogic</string>
      <edu.ksu.cis.projects.mdcf.aadltranslator.model.ProcessModel>
        <name>PulseOx_Logic_Process</name>
        <systemName>PulseOx_Forwarding_System</systemName>
        <ports>
          <entry>
            <string>SpO2</string>
            <edu.ksu.cis.projects.mdcf.aadltranslator.model.PortModel>
              <name>SpO2</name>
              <subscribe>true</subscribe>
              <category>DATA</category>
              <type>Integer</type>
              <minPeriod>100</minPeriod>
              <maxPeriod>300</maxPeriod>
            </edu.ksu.cis.projects.mdcf.aadltranslator.model.PortModel>
          </entry>
          <entry>
            <string>DerivedAlarm</string>
            <edu.ksu.cis.projects.mdcf.aadltranslator.model.PortModel>
              <name>DerivedAlarm</name>
              <subscribe>false</subscribe>
              <category>EVENT</category>
              <type>Object</type>
              <minPeriod>100</minPeriod>
              <maxPeriod>300</maxPeriod>
            </edu.ksu.cis.projects.mdcf.aadltranslator.model.PortModel>
          </entry>
        </ports>
        <tasks>
          <entry>
            <string>CheckSpO2Thread</string>
            <edu.ksu.cis.projects.mdcf.aadltranslator.model.TaskModel>
              <name>CheckSpO2Thread</name>
              <incomingGlobals/>
              <outgoingGlobals/>
              <period>50</period>
              <deadline>50</deadline>
              <sporadic>false</sporadic>
              <eventTriggered>false</eventTriggered>
              <wcet>5</wcet>
              <callSequence/>
            </edu.ksu.cis.projects.mdcf.aadltranslator.model.TaskModel>
          </entry>
        </tasks>
        <kind>LOGIC</kind>
        <globals/>
        <methods/>
      </edu.ksu.cis.projects.mdcf.aadltranslator.model.ProcessModel>
    </entry>
  </logicComponents>
  <devices>
    <entry>
      <string>pulseOx</string>
      <edu.ksu.cis.projects.mdcf.aadltranslator.model.DeviceModel>
        <name>ICEpoInterface</name>
        <systemName>PulseOx_Forwarding_System</systemName>
        <ports/>
        <tasks/>
        <kind>PSEUDODEVICE</kind>
        <inToOutPortNames serialization="custom">
          <unserializable-parents/>
          <com.google.common.collect.HashBiMap>
            <default/>
            <int>0</int>
          </com.google.common.collect.HashBiMap>
        </inToOutPortNames>
      </edu.ksu.cis.projects.mdcf.aadltranslator.model.DeviceModel>
    </entry>
  </devices>
  <channels>
    <edu.ksu.cis.projects.mdcf.aadltranslator.model.ConnectionModel>
      <publisher class="edu.ksu.cis.projects.mdcf.aadltranslator.model.DeviceModel" reference="../../../devices/entry/edu.ksu.cis.projects.mdcf.aadltranslator.model.DeviceModel"/>
      <subscriber class="edu.ksu.cis.projects.mdcf.aadltranslator.model.ProcessModel" reference="../../../logicComponents/entry[2]/edu.ksu.cis.projects.mdcf.aadltranslator.model.ProcessModel"/>
      <devicePublished>true</devicePublished>
      <deviceSubscribed>false</deviceSubscribed>
      <pubName>pulseOx</pubName>
      <subName>appLogic</subName>
      <pubPortName>SpO2</pubPortName>
      <subPortName>SpO2</subPortName>
      <channelDelay>100</channelDelay>
    </edu.ksu.cis.projects.mdcf.aadltranslator.model.ConnectionModel>
    <edu.ksu.cis.projects.mdcf.aadltranslator.model.ConnectionModel>
      <publisher class="edu.ksu.cis.projects.mdcf.aadltranslator.model.DeviceModel" reference="../../../devices/entry/edu.ksu.cis.projects.mdcf.aadltranslator.model.DeviceModel"/>
      <subscriber class="edu.ksu.cis.projects.mdcf.aadltranslator.model.ProcessModel" reference="../../../logicComponents/entry/edu.ksu.cis.projects.mdcf.aadltranslator.model.ProcessModel"/>
      <devicePublished>true</devicePublished>
      <deviceSubscribed>false</deviceSubscribed>
      <pubName>pulseOx</pubName>
      <subName>appDisplay</subName>
      <pubPortName>SpO2</pubPortName>
      <subPortName>SpO2</subPortName>
      <channelDelay>100</channelDelay>
    </edu.ksu.cis.projects.mdcf.aadltranslator.model.ConnectionModel>
    <edu.ksu.cis.projects.mdcf.aadltranslator.model.ConnectionModel>
      <publisher class="edu.ksu.cis.projects.mdcf.aadltranslator.model.ProcessModel" reference="../../../logicComponents/entry[2]/edu.ksu.cis.projects.mdcf.aadltranslator.model.ProcessModel"/>
      <subscriber class="edu.ksu.cis.projects.mdcf.aadltranslator.model.ProcessModel" reference="../../../logicComponents/entry/edu.ksu.cis.projects.mdcf.aadltranslator.model.ProcessModel"/>
      <devicePublished>false</devicePublished>
      <deviceSubscribed>false</deviceSubscribed>
      <pubName>appLogic</pubName>
      <subName>appDisplay</subName>
      <pubPortName>DerivedAlarm</pubPortName>
      <subPortName>DerivedAlarm</subPortName>
      <channelDelay>100</channelDelay>
    </edu.ksu.cis.projects.mdcf.aadltranslator.model.ConnectionModel>
  </channels>
  <typeToComponent>
    <entry>
      <string>ICEpoInterface</string>
      <edu.ksu.cis.projects.mdcf.aadltranslator.model.DeviceModel reference="../../../devices/entry/edu.ksu.cis.projects.mdcf.aadltranslator.model.DeviceModel"/>
    </entry>
    <entry>
      <string>PulseOx_Logic_Process</string>
      <edu.ksu.cis.projects.mdcf.aadltranslator.model.ProcessModel reference="../../../logicComponents/entry[2]/edu.ksu.cis.projects.mdcf.aadltranslator.model.ProcessModel"/>
    </entry>
    <entry>
      <string>PulseOx_Display_Process</string>
      <edu.ksu.cis.projects.mdcf.aadltranslator.model.ProcessModel reference="../../../logicComponents/entry/edu.ksu.cis.projects.mdcf.aadltranslator.model.ProcessModel"/>
    </entry>
  </typeToComponent>
</edu.ksu.cis.projects.mdcf.aadltranslator.model.SystemModel>