Error at PulseOx_Forwarding_Bidirectional_System.aadl:18: Bidirectional ports are not yet allowed.
<edu.ksu.cis.projects.mdcf.aadltranslator.model.SystemModel>
  <name>PulseOx_Forwarding_Bidirectional_System</name>
  <logicComponents>
    <entry>
      <string>appDisplay</string>
      <edu.ksu.cis.projects.mdcf.aadltranslator.model.ProcessModel>
        <name>PulseOx_Display_Process</name>
        <systemName>PulseOx_Forwarding_Bidirectional_System</systemName>
        <ports/>
        <tasks/>
        <globals/>
        <methods/>
      </edu.ksu.cis.projects.mdcf.aadltranslator.model.ProcessModel>
    </entry>
    <entry>
      <string>appLogic</string>
      <edu.ksu.cis.projects.mdcf.aadltranslator.model.ProcessModel>
        <name>PulseOx_Logic_Process</name>
        <systemName>PulseOx_Forwarding_Bidirectional_System</systemName>
        <ports/>
        <tasks/>
        <globals/>
        <methods/>
      </edu.ksu.cis.projects.mdcf.aadltranslator.model.ProcessModel>
    </entry>
  </logicComponents>
  <devices>
    <entry>
      <string>pulseOx</string>
      <edu.ksu.cis.projects.mdcf.aadltranslator.model.DeviceModel>
        <name>ICEpoInterface</name>
        <systemName>PulseOx_Forwarding_Bidirectional_System</systemName>
        <ports/>
        <tasks/>
        <kind>PSEUDODEVICE</kind>
        <inToOutPortNames serialization="custom">
          <unserializable-parents/>
          <com.google.common.collect.HashBiMap>
            <default/>
            <int>0</int>
          </com.google.common.collect.HashBiMap>
        </inToOutPortNames>
      </edu.ksu.cis.projects.mdcf.aadltranslator.model.DeviceModel>
    </entry>
  </devices>
  <channels/>
  <typeToComponent>
    <entry>
      <string>ICEpoInterface</string>
      <edu.ksu.cis.projects.mdcf.aadltranslator.model.DeviceModel reference="../../../devices/entry/edu.ksu.cis.projects.mdcf.aadltranslator.model.DeviceModel"/>
    </entry>
    <entry>
      <string>PulseOx_Logic_Process</string>
      <edu.ksu.cis.projects.mdcf.aadltranslator.model.ProcessModel reference="../../../logicComponents/entry[2]/edu.ksu.cis.projects.mdcf.aadltranslator.model.ProcessModel"/>
    </entry>
    <entry>
      <string>PulseOx_Display_Process</string>
      <edu.ksu.cis.projects.mdcf.aadltranslator.model.ProcessModel reference="../../../logicComponents/entry/edu.ksu.cis.projects.mdcf.aadltranslator.model.ProcessModel"/>
    </entry>
  </typeToComponent>
</edu.ksu.cis.projects.mdcf.aadltranslator.model.SystemModel>