Error at PulseOx_Forwarding_Logic.aadl:20: Property Default_Thread_Period on element CheckSpO2Thread converts to 2.5E9 ms, which cannot be converted to an integer
Error at PulseOx_Forwarding_Logic.aadl:20: Property Default_Thread_Deadline on element CheckSpO2Thread converts to 2.5E9 ms, which cannot be converted to an integer
Error at PulseOx_Forwarding_Logic.aadl:20: Thread period must either be set with Default_Thread_Period (at package level) or with Timing_Properties::Period (on individual thread)
<edu.ksu.cis.projects.mdcf.aadltranslator.model.SystemModel>
  <name>PulseOx_Forwarding_System</name>
  <logicComponents>
    <entry>
      <string>appDisplay</string>
      <edu.ksu.cis.projects.mdcf.aadltranslator.model.ProcessModel>
        <name>PulseOx_Display_Process</name>
        <systemName>PulseOx_Forwarding_System</systemName>
        <ports/>
        <tasks/>
        <globals/>
        <methods/>
      </edu.ksu.cis.projects.mdcf.aadltranslator.model.ProcessModel>
    </entry>
    <entry>
      <string>appLogic</string>
      <edu.ksu.cis.projects.mdcf.aadltranslator.model.ProcessModel>
        <name>PulseOx_Logic_Process</name>
        <systemName>PulseOx_Forwarding_System</systemName>
        <ports>
          <entry>
            <string>SpO2</string>
            <edu.ksu.cis.projects.mdcf.aadltranslator.model.PortModel>
              <name>SpO2</name>
              <subscribe>true</subscribe>
              <category>DATA</category>
              <type>Integer</type>
              <minPeriod>100</minPeriod>
              <maxPeriod>300</maxPeriod>
            </edu.ksu.cis.projects.mdcf.aadltranslator.model.PortModel>
          </entry>
          <entry>
            <string>DerivedAlarm</string>
            <edu.ksu.cis.projects.mdcf.aadltranslator.model.PortModel>
              <name>DerivedAlarm</name>
              <subscribe>false</subscribe>
              <category>EVENT</category>
              <type>Object</type>
              <minPeriod>100</minPeriod>
              <maxPeriod>300</maxPeriod>
            </edu.ksu.cis.projects.mdcf.aadltranslator.model.PortModel>
          </entry>
        </ports>
        <tasks>
          <entry>
            <string>CheckSpO2Thread</string>
            <edu.ksu.cis.projects.mdcf.aadltranslator.model.TaskModel>
              <name>CheckSpO2Thread</name>
              <incomingGlobals/>
              <outgoingGlobals/>
              <period>0</period>
              <deadline>0</deadline>
              <sporadic>false</sporadic>
              <eventTriggered>false</eventTriggered>
              <wcet>0</wcet>
              <callSequence/>
            </edu.ksu.cis.projects.mdcf.aadltranslator.model.TaskModel>
          </entry>
        </tasks>
        <kind>LOGIC</kind>
        <globals/>
        <methods/>
      </edu.ksu.cis.projects.mdcf.aadltranslator.model.ProcessModel>
    </entry>
  </logicComponents>
  <devices>
    <entry>
      <string>pulseOx</string>
      <edu.ksu.cis.projects.mdcf.aadltranslator.model.DeviceModel>
        <name>ICEpoInterface</name>
        <systemName>PulseOx_Forwarding_System</systemName>
        <ports/>
        <tasks/>
        <kind>PSEUDODEVICE</kind>
        <inToOutPortNames serialization="custom">
          <unserializable-parents/>
          <com.google.common.collect.HashBiMap>
            <default/>
            <int>0</int>
          </com.google.common.collect.HashBiMap>
        </inToOutPortNames>
      </edu.ksu.cis.projects.mdcf.aadltranslator.model.DeviceModel>
    </entry>
  </devices>
  <channels>
    <edu.ksu.cis.projects.mdcf.aadltranslator.model.ConnectionModel>
      <publisher class="edu.ksu.cis.projects.mdcf.aadltranslator.model.DeviceModel" reference="../../../devices/entry/edu.ksu.cis.projects.mdcf.aadltranslator.model.DeviceModel"/>
      <subscriber class="edu.ksu.cis.projects.mdcf.aadltranslator.model.ProcessModel" reference="../../../logicComponents/entry[2]/edu.ksu.cis.projects.mdcf.aadltranslator.model.ProcessModel"/>
      <devicePublished>true</devicePublished>
      <deviceSubscribed>false</deviceSubscribed>
      <pubName>pulseOx</pubName>
      <subName>appLogic</subName>
      <pubPortName>SpO2</pubPortName>
      <subPortName>SpO2</subPortName>
      <channelDelay>100</channelDelay>
    </edu.ksu.cis.projects.mdcf.aadltranslator.model.ConnectionModel>
    <edu.ksu.cis.projects.mdcf.aadltranslator.model.ConnectionModel>
      <publisher class="edu.ksu.cis.projects.mdcf.aadltranslator.model.DeviceModel" reference="../../../devices/entry/edu.ksu.cis.projects.mdcf.aadltranslator.model.DeviceModel"/>
      <subscriber class="edu.ksu.cis.projects.mdcf.aadltranslator.model.ProcessModel" reference="../../../logicComponents/entry/edu.ksu.cis.projects.mdcf.aadltranslator.model.ProcessModel"/>
      <devicePublished>true</devicePublished>
      <deviceSubscribed>false</deviceSubscribed>
      <pubName>pulseOx</pubName>
      <subName>appDisplay</subName>
      <pubPortName>SpO2</pubPortName>
      <subPortName>SpO2</subPortName>
      <channelDelay>100</channelDelay>
    </edu.ksu.cis.projects.mdcf.aadltranslator.model.ConnectionModel>
    <edu.ksu.cis.projects.mdcf.aadltranslator.model.ConnectionModel>
      <publisher class="edu.ksu.cis.projects.mdcf.aadltranslator.model.ProcessModel" reference="../../../logicComponents/entry[2]/edu.ksu.cis.projects.mdcf.aadltranslator.model.ProcessModel"/>
      <subscriber class="edu.ksu.cis.projects.mdcf.aadltranslator.model.ProcessModel" reference="../../../logicComponents/entry/edu.ksu.cis.projects.mdcf.aadltranslator.model.ProcessModel"/>
      <devicePublished>false</devicePublished>
      <deviceSubscribed>false</deviceSubscribed>
      <pubName>appLogic</pubName>
      <subName>appDisplay</subName>
      <pubPortName>DerivedAlarm</pubPortName>
      <subPortName>DerivedAlarm</subPortName>
      <channelDelay>100</channelDelay>
    </edu.ksu.cis.projects.mdcf.aadltranslator.model.ConnectionModel>
  </channels>
  <typeToComponent>
    <entry>
      <string>ICEpoInterface</string>
      <edu.ksu.cis.projects.mdcf.aadltranslator.model.DeviceModel reference="../../../devices/entry/edu.ksu.cis.projects.mdcf.aadltranslator.model.DeviceModel"/>
    </entry>
    <entry>
      <string>PulseOx_Logic_Process</string>
      <edu.ksu.cis.projects.mdcf.aadltranslator.model.ProcessModel reference="../../../logicComponents/entry[2]/edu.ksu.cis.projects.mdcf.aadltranslator.model.ProcessModel"/>
    </entry>
    <entry>
      <string>PulseOx_Display_Process</string>
      <edu.ksu.cis.projects.mdcf.aadltranslator.model.ProcessModel reference="../../../logicComponents/entry/edu.ksu.cis.projects.mdcf.aadltranslator.model.ProcessModel"/>
    </entry>
  </typeToComponent>
</edu.ksu.cis.projects.mdcf.aadltranslator.model.SystemModel>